// Jest Snapshot v1, https://goo.gl/fbAQLP

exports[`<EditAnimeDialog/> Renders correctly 1`] = `
<WithStyles(ForwardRef(Dialog))
  aria-labelledby="edit-anime-dialog"
  maxWidth="md"
  onClose={[MockFunction]}
  open={true}
>
  <Memo(DialogTitle)
    onClose={[MockFunction]}
  >
    Dr. Stone
  </Memo(DialogTitle)>
  <Memo(DialogActions)
    handleClose={[MockFunction]}
  />
</WithStyles(ForwardRef(Dialog))>
`;
