// Jest Snapshot v1, https://goo.gl/fbAQLP

exports[`<ListItem/> Renders correctly 1`] = `
<WithStyles(ForwardRef(ListItem))
  data-testid="ListItem"
>
  <WithStyles(ForwardRef(ListItemAvatar))>
    <WithStyles(ForwardRef(Avatar))>
      <BeachAccessIcon />
    </WithStyles(ForwardRef(Avatar))>
  </WithStyles(ForwardRef(ListItemAvatar))>
  <WithStyles(ForwardRef(ListItemText))
    className="makeStyles-listItemText-2"
    primary="Dr. Stone"
    secondary="21/11/2019 18:50"
  />
  <WithStyles(ForwardRef(IconButton))>
    <AddIcon />
  </WithStyles(ForwardRef(IconButton))>
</WithStyles(ForwardRef(ListItem))>
`;
