// Jest Snapshot v1, https://goo.gl/fbAQLP

exports[`<SearchResultsContainer/> Renders correctly 1`] = `
<WithStyles(ForwardRef(List))
  className="makeStyles-listContainer-1"
  data-testid="SearchContainer"
>
  <Memo(ListItem)
    key="0"
  />
  <Memo(ListItem)
    key="1"
  />
  <Memo(ListItem)
    key="2"
  />
  <Memo(ListItem)
    key="3"
  />
  <Memo(ListItem)
    key="4"
  />
  <Memo(ListItem)
    key="5"
  />
  <Memo(ListItem)
    key="6"
  />
  <Memo(ListItem)
    key="7"
  />
  <Memo(ListItem)
    key="8"
  />
  <Memo(ListItem)
    key="9"
  />
  <Memo(ListItem)
    key="10"
  />
</WithStyles(ForwardRef(List))>
`;
