// Jest Snapshot v1, https://goo.gl/fbAQLP

exports[`<Header/> Renders correctly 1`] = `
<header
  className="makeStyles-searchResultsFix-1"
  data-testid="Header"
>
  <WithStyles(ForwardRef(AppBar))
    position="static"
  >
    <WithStyles(ForwardRef(Toolbar))>
      <WithStyles(ForwardRef(Typography))
        className="makeStyles-title-3"
        noWrap={true}
        variant="h6"
      >
        Weeb's Library Keeper
      </WithStyles(ForwardRef(Typography))>
      <div
        className="makeStyles-search-4"
      >
        <div
          className="makeStyles-searchIcon-5"
        >
          <SearchIcon />
        </div>
        <WithStyles(ForwardRef(InputBase))
          classes={
            Object {
              "input": "makeStyles-inputInput-7",
              "root": "makeStyles-inputRoot-6",
            }
          }
          inputProps={
            Object {
              "aria-label": "search",
            }
          }
          placeholder="Search…"
        />
        <SearchResultsContainer />
      </div>
    </WithStyles(ForwardRef(Toolbar))>
  </WithStyles(ForwardRef(AppBar))>
</header>
`;
