// Jest Snapshot v1, https://goo.gl/fbAQLP

exports[`<WatchingProgress/> Renders correctly 1`] = `
<div
  className="makeStyles-watchingProgress-6"
  data-testid="WatchingProgress"
>
  <WithStyles(ForwardRef(Typography))
    variant="caption"
  >
    10/15
  </WithStyles(ForwardRef(Typography))>
  <div
    className="makeStyles-progressBarContainer-1"
  >
    <Memo(ProgressBar)
      className="progress--watched"
      tooltipText="Number of episodes you watched"
    />
    <Memo(ProgressBar)
      className="progress--aired"
      tooltipText="Number of episodes aired"
    />
    <Memo(ProgressBar)
      className="progress--total"
      tooltipText="Total number of episodes"
    />
  </div>
</div>
`;
