// Jest Snapshot v1, https://goo.gl/fbAQLP

exports[`<EditAnimeButton/> Renders correctly 1`] = `
<WithStyles(ForwardRef(Tooltip))
  aria-label="Edit anime"
  data-testid="EditAnimeButton"
  title="Click to edit anime"
>
  <WithStyles(ForwardRef(Fab))
    aria-label="Edit anime"
    className="makeStyles-editButton-1"
    color="secondary"
    size="small"
  >
    <EditIcon
      className="makeStyles-editIcon-2"
    />
  </WithStyles(ForwardRef(Fab))>
</WithStyles(ForwardRef(Tooltip))>
`;
