// Jest Snapshot v1, https://goo.gl/fbAQLP

exports[`<Main/> Renders correctly 1`] = `
<main
  className="makeStyles-main-1"
  data-testid="main"
>
  <WithStyles(ForwardRef(Container))
    maxWidth="lg"
  >
    <WithStyles(ForwardRef(Grid))
      container={true}
      spacing={6}
    >
      <AnimeCard
        key="0"
      />
      <AnimeCard
        key="1"
      />
      <AnimeCard
        key="2"
      />
      <AnimeCard
        key="3"
      />
      <AnimeCard
        key="4"
      />
      <AnimeCard
        key="5"
      />
    </WithStyles(ForwardRef(Grid))>
  </WithStyles(ForwardRef(Container))>
</main>
`;
