// Jest Snapshot v1, https://goo.gl/fbAQLP

exports[`<Main/> Renders correctly 1`] = `
<main
  className="makeStyles-main-1"
  data-testid="main"
>
  <div
    className="MuiContainer-root MuiContainer-maxWidthLg"
  >
    <div
      className="MuiGrid-root MuiGrid-container MuiGrid-spacing-xs-8"
    >
      <div
        className="MuiGrid-root MuiGrid-item MuiGrid-grid-xs-3"
        data-testid="AnimeCard"
      >
        <div
          className="MuiPaper-root MuiPaper-elevation1 MuiCard-root makeStyles-fabFix-114 MuiPaper-rounded"
        >
          <div
            className="MuiCardMedia-root makeStyles-animeMedia-112"
            style={
              Object {
                "backgroundImage": "url(\\"https://s4.anilist.co/file/anilistcdn/media/anime/cover/large/bx105333-5p1MKBlGxZFF.jpg\\")",
              }
            }
          />
          <div
            className="MuiCardContent-root makeStyles-cardContent-113"
          >
            <p
              className="MuiTypography-root MuiTypography-body1 MuiTypography-noWrap MuiTypography-gutterBottom MuiTypography-alignCenter"
            >
              Dr. Stone
            </p>
            <div
              className="makeStyles-watchingProgress-182"
              data-testid="WatchingProgress"
            >
              <span
                className="MuiTypography-root MuiTypography-caption"
              >
                10/15
              </span>
              <div
                className="makeStyles-progressBarContainer-177"
              >
                <div
                  aria-describedby={null}
                  className="makeStyles-progress-178 makeStyles-progress--watched-180"
                  data-testid="ProgressBar"
                  onBlur={[Function]}
                  onFocus={[Function]}
                  onMouseLeave={[Function]}
                  onMouseOver={[Function]}
                  onTouchEnd={[Function]}
                  onTouchStart={[Function]}
                  title="Number of episodes you watched"
                />
                <div
                  aria-describedby={null}
                  className="makeStyles-progress-178 makeStyles-progress--aired-181"
                  data-testid="ProgressBar"
                  onBlur={[Function]}
                  onFocus={[Function]}
                  onMouseLeave={[Function]}
                  onMouseOver={[Function]}
                  onTouchEnd={[Function]}
                  onTouchStart={[Function]}
                  title="Number of episodes aired"
                />
                <div
                  aria-describedby={null}
                  className="makeStyles-progress-178 makeStyles-progress--total-179"
                  data-testid="ProgressBar"
                  onBlur={[Function]}
                  onFocus={[Function]}
                  onMouseLeave={[Function]}
                  onMouseOver={[Function]}
                  onTouchEnd={[Function]}
                  onTouchStart={[Function]}
                  title="Total number of episodes"
                />
              </div>
            </div>
          </div>
          <button
            aria-describedby={null}
            aria-label="Edit anime"
            className="MuiButtonBase-root MuiFab-root makeStyles-editButton-191 MuiFab-sizeSmall MuiFab-secondary"
            data-testid="EditAnimeButton"
            disabled={false}
            onBlur={[Function]}
            onDragLeave={[Function]}
            onFocus={[Function]}
            onKeyDown={[Function]}
            onKeyUp={[Function]}
            onMouseDown={[Function]}
            onMouseLeave={[Function]}
            onMouseOver={[Function]}
            onMouseUp={[Function]}
            onTouchEnd={[Function]}
            onTouchMove={[Function]}
            onTouchStart={[Function]}
            tabIndex={0}
            title="Click to edit anime"
            type="button"
          >
            <span
              className="MuiFab-label"
            >
              <svg
                aria-hidden="true"
                className="MuiSvgIcon-root makeStyles-editIcon-192"
                focusable="false"
                role="presentation"
                viewBox="0 0 24 24"
              >
                <path
                  d="M3 17.25V21h3.75L17.81 9.94l-3.75-3.75L3 17.25zM20.71 7.04c.39-.39.39-1.02 0-1.41l-2.34-2.34a.9959.9959 0 00-1.41 0l-1.83 1.83 3.75 3.75 1.83-1.83z"
                />
              </svg>
            </span>
            <span
              className="MuiTouchRipple-root"
            />
          </button>
        </div>
      </div>
      <div
        className="MuiGrid-root MuiGrid-item MuiGrid-grid-xs-3"
        data-testid="AnimeCard"
      >
        <div
          className="MuiPaper-root MuiPaper-elevation1 MuiCard-root makeStyles-fabFix-114 MuiPaper-rounded"
        >
          <div
            className="MuiCardMedia-root makeStyles-animeMedia-112"
            style={
              Object {
                "backgroundImage": "url(\\"https://s4.anilist.co/file/anilistcdn/media/anime/cover/large/bx105333-5p1MKBlGxZFF.jpg\\")",
              }
            }
          />
          <div
            className="MuiCardContent-root makeStyles-cardContent-113"
          >
            <p
              className="MuiTypography-root MuiTypography-body1 MuiTypography-noWrap MuiTypography-gutterBottom MuiTypography-alignCenter"
            >
              Dr. Stone
            </p>
            <div
              className="makeStyles-watchingProgress-182"
              data-testid="WatchingProgress"
            >
              <span
                className="MuiTypography-root MuiTypography-caption"
              >
                10/15
              </span>
              <div
                className="makeStyles-progressBarContainer-177"
              >
                <div
                  aria-describedby={null}
                  className="makeStyles-progress-178 makeStyles-progress--watched-180"
                  data-testid="ProgressBar"
                  onBlur={[Function]}
                  onFocus={[Function]}
                  onMouseLeave={[Function]}
                  onMouseOver={[Function]}
                  onTouchEnd={[Function]}
                  onTouchStart={[Function]}
                  title="Number of episodes you watched"
                />
                <div
                  aria-describedby={null}
                  className="makeStyles-progress-178 makeStyles-progress--aired-181"
                  data-testid="ProgressBar"
                  onBlur={[Function]}
                  onFocus={[Function]}
                  onMouseLeave={[Function]}
                  onMouseOver={[Function]}
                  onTouchEnd={[Function]}
                  onTouchStart={[Function]}
                  title="Number of episodes aired"
                />
                <div
                  aria-describedby={null}
                  className="makeStyles-progress-178 makeStyles-progress--total-179"
                  data-testid="ProgressBar"
                  onBlur={[Function]}
                  onFocus={[Function]}
                  onMouseLeave={[Function]}
                  onMouseOver={[Function]}
                  onTouchEnd={[Function]}
                  onTouchStart={[Function]}
                  title="Total number of episodes"
                />
              </div>
            </div>
          </div>
          <button
            aria-describedby={null}
            aria-label="Edit anime"
            className="MuiButtonBase-root MuiFab-root makeStyles-editButton-191 MuiFab-sizeSmall MuiFab-secondary"
            data-testid="EditAnimeButton"
            disabled={false}
            onBlur={[Function]}
            onDragLeave={[Function]}
            onFocus={[Function]}
            onKeyDown={[Function]}
            onKeyUp={[Function]}
            onMouseDown={[Function]}
            onMouseLeave={[Function]}
            onMouseOver={[Function]}
            onMouseUp={[Function]}
            onTouchEnd={[Function]}
            onTouchMove={[Function]}
            onTouchStart={[Function]}
            tabIndex={0}
            title="Click to edit anime"
            type="button"
          >
            <span
              className="MuiFab-label"
            >
              <svg
                aria-hidden="true"
                className="MuiSvgIcon-root makeStyles-editIcon-192"
                focusable="false"
                role="presentation"
                viewBox="0 0 24 24"
              >
                <path
                  d="M3 17.25V21h3.75L17.81 9.94l-3.75-3.75L3 17.25zM20.71 7.04c.39-.39.39-1.02 0-1.41l-2.34-2.34a.9959.9959 0 00-1.41 0l-1.83 1.83 3.75 3.75 1.83-1.83z"
                />
              </svg>
            </span>
            <span
              className="MuiTouchRipple-root"
            />
          </button>
        </div>
      </div>
      <div
        className="MuiGrid-root MuiGrid-item MuiGrid-grid-xs-3"
        data-testid="AnimeCard"
      >
        <div
          className="MuiPaper-root MuiPaper-elevation1 MuiCard-root makeStyles-fabFix-114 MuiPaper-rounded"
        >
          <div
            className="MuiCardMedia-root makeStyles-animeMedia-112"
            style={
              Object {
                "backgroundImage": "url(\\"https://s4.anilist.co/file/anilistcdn/media/anime/cover/large/bx105333-5p1MKBlGxZFF.jpg\\")",
              }
            }
          />
          <div
            className="MuiCardContent-root makeStyles-cardContent-113"
          >
            <p
              className="MuiTypography-root MuiTypography-body1 MuiTypography-noWrap MuiTypography-gutterBottom MuiTypography-alignCenter"
            >
              Dr. Stone
            </p>
            <div
              className="makeStyles-watchingProgress-182"
              data-testid="WatchingProgress"
            >
              <span
                className="MuiTypography-root MuiTypography-caption"
              >
                10/15
              </span>
              <div
                className="makeStyles-progressBarContainer-177"
              >
                <div
                  aria-describedby={null}
                  className="makeStyles-progress-178 makeStyles-progress--watched-180"
                  data-testid="ProgressBar"
                  onBlur={[Function]}
                  onFocus={[Function]}
                  onMouseLeave={[Function]}
                  onMouseOver={[Function]}
                  onTouchEnd={[Function]}
                  onTouchStart={[Function]}
                  title="Number of episodes you watched"
                />
                <div
                  aria-describedby={null}
                  className="makeStyles-progress-178 makeStyles-progress--aired-181"
                  data-testid="ProgressBar"
                  onBlur={[Function]}
                  onFocus={[Function]}
                  onMouseLeave={[Function]}
                  onMouseOver={[Function]}
                  onTouchEnd={[Function]}
                  onTouchStart={[Function]}
                  title="Number of episodes aired"
                />
                <div
                  aria-describedby={null}
                  className="makeStyles-progress-178 makeStyles-progress--total-179"
                  data-testid="ProgressBar"
                  onBlur={[Function]}
                  onFocus={[Function]}
                  onMouseLeave={[Function]}
                  onMouseOver={[Function]}
                  onTouchEnd={[Function]}
                  onTouchStart={[Function]}
                  title="Total number of episodes"
                />
              </div>
            </div>
          </div>
          <button
            aria-describedby={null}
            aria-label="Edit anime"
            className="MuiButtonBase-root MuiFab-root makeStyles-editButton-191 MuiFab-sizeSmall MuiFab-secondary"
            data-testid="EditAnimeButton"
            disabled={false}
            onBlur={[Function]}
            onDragLeave={[Function]}
            onFocus={[Function]}
            onKeyDown={[Function]}
            onKeyUp={[Function]}
            onMouseDown={[Function]}
            onMouseLeave={[Function]}
            onMouseOver={[Function]}
            onMouseUp={[Function]}
            onTouchEnd={[Function]}
            onTouchMove={[Function]}
            onTouchStart={[Function]}
            tabIndex={0}
            title="Click to edit anime"
            type="button"
          >
            <span
              className="MuiFab-label"
            >
              <svg
                aria-hidden="true"
                className="MuiSvgIcon-root makeStyles-editIcon-192"
                focusable="false"
                role="presentation"
                viewBox="0 0 24 24"
              >
                <path
                  d="M3 17.25V21h3.75L17.81 9.94l-3.75-3.75L3 17.25zM20.71 7.04c.39-.39.39-1.02 0-1.41l-2.34-2.34a.9959.9959 0 00-1.41 0l-1.83 1.83 3.75 3.75 1.83-1.83z"
                />
              </svg>
            </span>
            <span
              className="MuiTouchRipple-root"
            />
          </button>
        </div>
      </div>
      <div
        className="MuiGrid-root MuiGrid-item MuiGrid-grid-xs-3"
        data-testid="AnimeCard"
      >
        <div
          className="MuiPaper-root MuiPaper-elevation1 MuiCard-root makeStyles-fabFix-114 MuiPaper-rounded"
        >
          <div
            className="MuiCardMedia-root makeStyles-animeMedia-112"
            style={
              Object {
                "backgroundImage": "url(\\"https://s4.anilist.co/file/anilistcdn/media/anime/cover/large/bx105333-5p1MKBlGxZFF.jpg\\")",
              }
            }
          />
          <div
            className="MuiCardContent-root makeStyles-cardContent-113"
          >
            <p
              className="MuiTypography-root MuiTypography-body1 MuiTypography-noWrap MuiTypography-gutterBottom MuiTypography-alignCenter"
            >
              Dr. Stone
            </p>
            <div
              className="makeStyles-watchingProgress-182"
              data-testid="WatchingProgress"
            >
              <span
                className="MuiTypography-root MuiTypography-caption"
              >
                10/15
              </span>
              <div
                className="makeStyles-progressBarContainer-177"
              >
                <div
                  aria-describedby={null}
                  className="makeStyles-progress-178 makeStyles-progress--watched-180"
                  data-testid="ProgressBar"
                  onBlur={[Function]}
                  onFocus={[Function]}
                  onMouseLeave={[Function]}
                  onMouseOver={[Function]}
                  onTouchEnd={[Function]}
                  onTouchStart={[Function]}
                  title="Number of episodes you watched"
                />
                <div
                  aria-describedby={null}
                  className="makeStyles-progress-178 makeStyles-progress--aired-181"
                  data-testid="ProgressBar"
                  onBlur={[Function]}
                  onFocus={[Function]}
                  onMouseLeave={[Function]}
                  onMouseOver={[Function]}
                  onTouchEnd={[Function]}
                  onTouchStart={[Function]}
                  title="Number of episodes aired"
                />
                <div
                  aria-describedby={null}
                  className="makeStyles-progress-178 makeStyles-progress--total-179"
                  data-testid="ProgressBar"
                  onBlur={[Function]}
                  onFocus={[Function]}
                  onMouseLeave={[Function]}
                  onMouseOver={[Function]}
                  onTouchEnd={[Function]}
                  onTouchStart={[Function]}
                  title="Total number of episodes"
                />
              </div>
            </div>
          </div>
          <button
            aria-describedby={null}
            aria-label="Edit anime"
            className="MuiButtonBase-root MuiFab-root makeStyles-editButton-191 MuiFab-sizeSmall MuiFab-secondary"
            data-testid="EditAnimeButton"
            disabled={false}
            onBlur={[Function]}
            onDragLeave={[Function]}
            onFocus={[Function]}
            onKeyDown={[Function]}
            onKeyUp={[Function]}
            onMouseDown={[Function]}
            onMouseLeave={[Function]}
            onMouseOver={[Function]}
            onMouseUp={[Function]}
            onTouchEnd={[Function]}
            onTouchMove={[Function]}
            onTouchStart={[Function]}
            tabIndex={0}
            title="Click to edit anime"
            type="button"
          >
            <span
              className="MuiFab-label"
            >
              <svg
                aria-hidden="true"
                className="MuiSvgIcon-root makeStyles-editIcon-192"
                focusable="false"
                role="presentation"
                viewBox="0 0 24 24"
              >
                <path
                  d="M3 17.25V21h3.75L17.81 9.94l-3.75-3.75L3 17.25zM20.71 7.04c.39-.39.39-1.02 0-1.41l-2.34-2.34a.9959.9959 0 00-1.41 0l-1.83 1.83 3.75 3.75 1.83-1.83z"
                />
              </svg>
            </span>
            <span
              className="MuiTouchRipple-root"
            />
          </button>
        </div>
      </div>
      <div
        className="MuiGrid-root MuiGrid-item MuiGrid-grid-xs-3"
        data-testid="AnimeCard"
      >
        <div
          className="MuiPaper-root MuiPaper-elevation1 MuiCard-root makeStyles-fabFix-114 MuiPaper-rounded"
        >
          <div
            className="MuiCardMedia-root makeStyles-animeMedia-112"
            style={
              Object {
                "backgroundImage": "url(\\"https://s4.anilist.co/file/anilistcdn/media/anime/cover/large/bx105333-5p1MKBlGxZFF.jpg\\")",
              }
            }
          />
          <div
            className="MuiCardContent-root makeStyles-cardContent-113"
          >
            <p
              className="MuiTypography-root MuiTypography-body1 MuiTypography-noWrap MuiTypography-gutterBottom MuiTypography-alignCenter"
            >
              Dr. Stone
            </p>
            <div
              className="makeStyles-watchingProgress-182"
              data-testid="WatchingProgress"
            >
              <span
                className="MuiTypography-root MuiTypography-caption"
              >
                10/15
              </span>
              <div
                className="makeStyles-progressBarContainer-177"
              >
                <div
                  aria-describedby={null}
                  className="makeStyles-progress-178 makeStyles-progress--watched-180"
                  data-testid="ProgressBar"
                  onBlur={[Function]}
                  onFocus={[Function]}
                  onMouseLeave={[Function]}
                  onMouseOver={[Function]}
                  onTouchEnd={[Function]}
                  onTouchStart={[Function]}
                  title="Number of episodes you watched"
                />
                <div
                  aria-describedby={null}
                  className="makeStyles-progress-178 makeStyles-progress--aired-181"
                  data-testid="ProgressBar"
                  onBlur={[Function]}
                  onFocus={[Function]}
                  onMouseLeave={[Function]}
                  onMouseOver={[Function]}
                  onTouchEnd={[Function]}
                  onTouchStart={[Function]}
                  title="Number of episodes aired"
                />
                <div
                  aria-describedby={null}
                  className="makeStyles-progress-178 makeStyles-progress--total-179"
                  data-testid="ProgressBar"
                  onBlur={[Function]}
                  onFocus={[Function]}
                  onMouseLeave={[Function]}
                  onMouseOver={[Function]}
                  onTouchEnd={[Function]}
                  onTouchStart={[Function]}
                  title="Total number of episodes"
                />
              </div>
            </div>
          </div>
          <button
            aria-describedby={null}
            aria-label="Edit anime"
            className="MuiButtonBase-root MuiFab-root makeStyles-editButton-191 MuiFab-sizeSmall MuiFab-secondary"
            data-testid="EditAnimeButton"
            disabled={false}
            onBlur={[Function]}
            onDragLeave={[Function]}
            onFocus={[Function]}
            onKeyDown={[Function]}
            onKeyUp={[Function]}
            onMouseDown={[Function]}
            onMouseLeave={[Function]}
            onMouseOver={[Function]}
            onMouseUp={[Function]}
            onTouchEnd={[Function]}
            onTouchMove={[Function]}
            onTouchStart={[Function]}
            tabIndex={0}
            title="Click to edit anime"
            type="button"
          >
            <span
              className="MuiFab-label"
            >
              <svg
                aria-hidden="true"
                className="MuiSvgIcon-root makeStyles-editIcon-192"
                focusable="false"
                role="presentation"
                viewBox="0 0 24 24"
              >
                <path
                  d="M3 17.25V21h3.75L17.81 9.94l-3.75-3.75L3 17.25zM20.71 7.04c.39-.39.39-1.02 0-1.41l-2.34-2.34a.9959.9959 0 00-1.41 0l-1.83 1.83 3.75 3.75 1.83-1.83z"
                />
              </svg>
            </span>
            <span
              className="MuiTouchRipple-root"
            />
          </button>
        </div>
      </div>
      <div
        className="MuiGrid-root MuiGrid-item MuiGrid-grid-xs-3"
        data-testid="AnimeCard"
      >
        <div
          className="MuiPaper-root MuiPaper-elevation1 MuiCard-root makeStyles-fabFix-114 MuiPaper-rounded"
        >
          <div
            className="MuiCardMedia-root makeStyles-animeMedia-112"
            style={
              Object {
                "backgroundImage": "url(\\"https://s4.anilist.co/file/anilistcdn/media/anime/cover/large/bx105333-5p1MKBlGxZFF.jpg\\")",
              }
            }
          />
          <div
            className="MuiCardContent-root makeStyles-cardContent-113"
          >
            <p
              className="MuiTypography-root MuiTypography-body1 MuiTypography-noWrap MuiTypography-gutterBottom MuiTypography-alignCenter"
            >
              Dr. Stone
            </p>
            <div
              className="makeStyles-watchingProgress-182"
              data-testid="WatchingProgress"
            >
              <span
                className="MuiTypography-root MuiTypography-caption"
              >
                10/15
              </span>
              <div
                className="makeStyles-progressBarContainer-177"
              >
                <div
                  aria-describedby={null}
                  className="makeStyles-progress-178 makeStyles-progress--watched-180"
                  data-testid="ProgressBar"
                  onBlur={[Function]}
                  onFocus={[Function]}
                  onMouseLeave={[Function]}
                  onMouseOver={[Function]}
                  onTouchEnd={[Function]}
                  onTouchStart={[Function]}
                  title="Number of episodes you watched"
                />
                <div
                  aria-describedby={null}
                  className="makeStyles-progress-178 makeStyles-progress--aired-181"
                  data-testid="ProgressBar"
                  onBlur={[Function]}
                  onFocus={[Function]}
                  onMouseLeave={[Function]}
                  onMouseOver={[Function]}
                  onTouchEnd={[Function]}
                  onTouchStart={[Function]}
                  title="Number of episodes aired"
                />
                <div
                  aria-describedby={null}
                  className="makeStyles-progress-178 makeStyles-progress--total-179"
                  data-testid="ProgressBar"
                  onBlur={[Function]}
                  onFocus={[Function]}
                  onMouseLeave={[Function]}
                  onMouseOver={[Function]}
                  onTouchEnd={[Function]}
                  onTouchStart={[Function]}
                  title="Total number of episodes"
                />
              </div>
            </div>
          </div>
          <button
            aria-describedby={null}
            aria-label="Edit anime"
            className="MuiButtonBase-root MuiFab-root makeStyles-editButton-191 MuiFab-sizeSmall MuiFab-secondary"
            data-testid="EditAnimeButton"
            disabled={false}
            onBlur={[Function]}
            onDragLeave={[Function]}
            onFocus={[Function]}
            onKeyDown={[Function]}
            onKeyUp={[Function]}
            onMouseDown={[Function]}
            onMouseLeave={[Function]}
            onMouseOver={[Function]}
            onMouseUp={[Function]}
            onTouchEnd={[Function]}
            onTouchMove={[Function]}
            onTouchStart={[Function]}
            tabIndex={0}
            title="Click to edit anime"
            type="button"
          >
            <span
              className="MuiFab-label"
            >
              <svg
                aria-hidden="true"
                className="MuiSvgIcon-root makeStyles-editIcon-192"
                focusable="false"
                role="presentation"
                viewBox="0 0 24 24"
              >
                <path
                  d="M3 17.25V21h3.75L17.81 9.94l-3.75-3.75L3 17.25zM20.71 7.04c.39-.39.39-1.02 0-1.41l-2.34-2.34a.9959.9959 0 00-1.41 0l-1.83 1.83 3.75 3.75 1.83-1.83z"
                />
              </svg>
            </span>
            <span
              className="MuiTouchRipple-root"
            />
          </button>
        </div>
      </div>
    </div>
  </div>
</main>
`;
