// Jest Snapshot v1, https://goo.gl/fbAQLP

exports[`<DialogActions/> Renders correctly 1`] = `
<WithStyles(ForwardRef(DialogActions))
  className="makeStyles-dialogActions-1"
>
  <WithStyles(ForwardRef(Button))
    className="makeStyles-deleteButton-4 makeStyles-button-2"
    startIcon={<Memo(DeleteIcon) />}
    variant="contained"
  >
    Delete
  </WithStyles(ForwardRef(Button))>
  <WithStyles(ForwardRef(Button))
    className="makeStyles-button-2"
    color="primary"
    startIcon={<Memo(CloseIcon) />}
    variant="contained"
  >
    Discard
  </WithStyles(ForwardRef(Button))>
  <WithStyles(ForwardRef(Button))
    className="makeStyles-saveButton-3 makeStyles-button-2"
    startIcon={<Memo(SaveIcon) />}
    variant="contained"
  >
    Save
  </WithStyles(ForwardRef(Button))>
</WithStyles(ForwardRef(DialogActions))>
`;
