// Jest Snapshot v1, https://goo.gl/fbAQLP

exports[`<WatchingProgress/> Renders correctly 1`] = `
<div
  class="makeStyles-watchingProgress-6"
  data-testid="WatchingProgress"
>
  <span
    class="MuiTypography-root MuiTypography-caption"
  >
    10/15
  </span>
  <div
    class="makeStyles-progressBarContainer-1"
  >
    <div
      class="makeStyles-progress-2 makeStyles-progress--watched-4"
      data-testid="ProgressBar"
      title="Number of episodes you watched"
    />
    <div
      class="makeStyles-progress-2 makeStyles-progress--aired-5"
      data-testid="ProgressBar"
      title="Number of episodes aired"
    />
    <div
      class="makeStyles-progress-2 makeStyles-progress--total-3"
      data-testid="ProgressBar"
      title="Total number of episodes"
    />
  </div>
</div>
`;
