// Jest Snapshot v1, https://goo.gl/fbAQLP

exports[`<ProgressBar/> Renders correctly 1`] = `
<WithStyles(ForwardRef(Tooltip))
  data-testid="ProgressBar"
  title="Number of episodes you watched"
>
  <div
    className="makeStyles-progress-2 makeStyles-progress--watched-4"
  />
</WithStyles(ForwardRef(Tooltip))>
`;
